MFRC522.h:163:9:spi_transfer	32	static
MFRC522.h:169:6:writeRegister	16	static
MFRC522.h:180:6:readRegister	24	static
MFRC522.h:192:6:writeData	32	static
MFRC522.h:205:6:readData	48	static
MFRC522.h:243:6:Write_MFRC522	16	static
MFRC522.h:252:7:Read_MFRC522	24	static
MFRC522.h:269:6:MFRC522_Reset	8	static
MFRC522.h:288:6:MFRC522_Init	8	static
MFRC522.h:313:6:AntennaOn	8	static
MFRC522.h:323:6:SetBitMask	24	static
MFRC522.h:341:7:MFRC522_Request	32	static
MFRC522.h:368:7:MFRC522_ToCard	48	static
MFRC522.h:472:6:ClearBitMask	24	static
MFRC522.h:484:7:MFRC522_Anticoll	32	static
MFRC522.h:519:7:MFRC522_Read	32	static
MFRC522.h:541:7:MFRC522_Write	56	static
MFRC522.h:579:6:CalulateCRC	40	static
MFRC522.h:610:7:MFRC522_SelectTag	48	static
MFRC522.h:647:7:MFRC522_Auth	56	static
MFRC522.h:678:6:MFRC522_Halt	24	static
MFRC522.h:694:6:AntennaOff	8	static
MFRC522.h:722:6:ScanCardAndreadAllData	232	static
MFRC522.h:818:9:ScanCardAndGetDataFromBlock	40	static
MFRC522.h:883:9:ScanCardAndLoadDataToBlock	40	static
MFRC522.h:955:9:ScanCardAndLoadKeyToSector	80	static
main.c:184:5:main	8	static
main.c:353:6:SystemClock_Config	88	static
main.c:393:13:MX_SPI3_Init	8	static
main.c:431:13:MX_USART2_UART_Init	8	static
main.c:464:13:MX_USART6_UART_Init	8	static
main.c:497:13:MX_GPIO_Init	48	static
main.c:552:6:HAL_UART_RxCpltCallback	16	static
main.c:561:6:sendDataToServer	40	static
main.c:585:6:scanCardIdHandle	24	static
main.c:608:6:toggleLEDHanlde	16	static
main.c:637:6:CmdParsing_Task	16	static
main.c:669:6:ToggleLed_Task	16	static
main.c:687:6:ScanCard_Task	16	static
main.c:718:6:SensorMeasuring_Task	16	static
main.c:741:6:SendCardID_Task	48	static
main.c:772:6:SendSensorData_Task	48	static
main.c:805:6:HAL_TIM_PeriodElapsedCallback	16	static
main.c:822:6:Error_Handler	4	static,ignoring_inline_asm
